
> b2g@0.0.0 build
> vite build

[36mvite v7.3.1 [32mbuilding client environment for production...[36m[39m
[32mΓ£ô[39m 0 modules transformed.
node.exe : [31mΓ£ù[39m 
Build failed in 313ms
At C:\Program 
Files\nodejs\npm.ps1:29 
char:3
+   & $NODE_EXE $NPM_CLI_JS 
$args
+   ~~~~~~~~~~~~~~~~~~~~~~~~
~~~~~
    + CategoryInfo          
    : NotSpecified: ([31m  
  Γ£ù[39m Build failed i   
 n 313ms:String) [], Rem    
oteException
    + FullyQualifiedErrorId 
    : NativeCommandError
 
[31merror during build:
[31mCould not resolve 
entry module 
"index.html".[31m
    at getRollupError (file:
///D:/Bugging_Innovators/nod
e_modules/rollup/dist/es/sha
red/parseAst.js:402:41)
    at error (file:///D:/Bug
ging_Innovators/node_modules
/rollup/dist/es/shared/parse
Ast.js:398:42)
    at ModuleLoader.loadEntr
yModule (file:///D:/Bugging_
Innovators/node_modules/roll
up/dist/es/shared/node-entry
.js:21708:20)
    at async Promise.all 
(index 0)[39m
